#-----------------------------------------------------------
# Vivado v2024.2 (64-bit)
# SW Build 5239630 on Fri Nov 08 22:35:27 MST 2024
# IP Build 5239520 on Sun Nov 10 16:12:51 MST 2024
# SharedData Build 5239561 on Fri Nov 08 14:39:27 MST 2024
# Start of session at: Mon Dec  9 00:34:54 2024
# Process ID         : 19452
# Current directory  : D:/code/pcileech-wifi/pcileech_squirrel/pcileech_squirrel.runs/fifo_32_32_clk1_comtx_synth_1
# Command line       : vivado.exe -log fifo_32_32_clk1_comtx.vds -product Vivado -mode batch -messageDb vivado.pb -notrace -source fifo_32_32_clk1_comtx.tcl
# Log file           : D:/code/pcileech-wifi/pcileech_squirrel/pcileech_squirrel.runs/fifo_32_32_clk1_comtx_synth_1/fifo_32_32_clk1_comtx.vds
# Journal file       : D:/code/pcileech-wifi/pcileech_squirrel/pcileech_squirrel.runs/fifo_32_32_clk1_comtx_synth_1\vivado.jou
# Running On         : SecHex-FR54PQQ
# Platform           : Windows Server 2016 or Windows 10
# Operating System   : 22000
# Processor Detail   : 13th Gen Intel(R) Core(TM) i5-13600KF
# CPU Frequency      : 3494 MHz
# CPU Physical cores : 14
# CPU Logical cores  : 20
# Host memory        : 34162 MB
# Swap memory        : 34359 MB
# Total Virtual      : 68522 MB
# Available Virtual  : 51296 MB
#-----------------------------------------------------------
source fifo_32_32_clk1_comtx.tcl -notrace
