#-----------------------------------------------------------
# Vivado v2024.2 (64-bit)
# SW Build 5239630 on Fri Nov 08 22:35:27 MST 2024
# IP Build 5239520 on Sun Nov 10 16:12:51 MST 2024
# SharedData Build 5239561 on Fri Nov 08 14:39:27 MST 2024
# Start of session at: Mon Dec  9 00:18:51 2024
# Process ID         : 7372
# Current directory  : D:/code/pcileech-wifi/pcileech_squirrel/pcileech_squirrel.runs/fifo_64_64_clk2_comrx_synth_1
# Command line       : vivado.exe -log fifo_64_64_clk2_comrx.vds -product Vivado -mode batch -messageDb vivado.pb -notrace -source fifo_64_64_clk2_comrx.tcl
# Log file           : D:/code/pcileech-wifi/pcileech_squirrel/pcileech_squirrel.runs/fifo_64_64_clk2_comrx_synth_1/fifo_64_64_clk2_comrx.vds
# Journal file       : D:/code/pcileech-wifi/pcileech_squirrel/pcileech_squirrel.runs/fifo_64_64_clk2_comrx_synth_1\vivado.jou
# Running On         : SecHex-FR54PQQ
# Platform           : Windows Server 2016 or Windows 10
# Operating System   : 22000
# Processor Detail   : 13th Gen Intel(R) Core(TM) i5-13600KF
# CPU Frequency      : 3494 MHz
# CPU Physical cores : 14
# CPU Logical cores  : 20
# Host memory        : 34162 MB
# Swap memory        : 34359 MB
# Total Virtual      : 68522 MB
# Available Virtual  : 49531 MB
#-----------------------------------------------------------
source fifo_64_64_clk2_comrx.tcl -notrace
